The 4-print_square module
======================
This is an example text file in Structured Text format.  First import print_square from the 4-print_square module:

>>> print_square = __import__('4-print_square').print_square

>>> print_square(3)
###
###
###

>>> print_square(0)

>>> print_square(1)
#

>>> print_square(-2)
Traceback (most recent call last):
TypeError: size must be >= 0

>>> print_square(-2.7)
Traceback (most recent call last):
TypeError: size must be an integer

>>> print_square("Marlon")
Traceback (most recent call last):
TypeError: size must be an integer

>>> print_square(None)
Traceback (most recent call last):
TypeError: size must be an integer

>>> print_square(True)
Traceback (most recent call last):
TypeError: size must be an integer

>>> print_square({5})
Traceback (most recent call last):
TypeError: size must be an integer

>>> print_square([34, 43])
Traceback (most recent call last):
TypeError: size must be an integer
